// Jest Snapshot v1, https://goo.gl/fbAQLP

exports[`<Button /> shallow rendering tests matches the snapshot 1`] = `
<button
  className="form-button"
  type="button"
>
  button
</button>
`;
