// Jest Snapshot v1, https://goo.gl/fbAQLP

exports[`<Login /> shallow rendering tests matches the snapshot 1`] = `
<Register
  history={
    Object {
      "push": [MockFunction],
    }
  }
  login={[MockFunction]}
  notification={
    Object {
      "message": null,
      "type": null,
    }
  }
  register={[Function]}
  store={
    Object {
      "dispatch": [Function],
      "getState": [Function],
      "replaceReducer": [Function],
      "subscribe": [Function],
      Symbol(observable): [Function],
    }
  }
  storeSubscription={
    Subscription {
      "listeners": Object {
        "clear": [Function],
        "get": [Function],
        "notify": [Function],
        "subscribe": [Function],
      },
      "onStateChange": [Function],
      "parentSub": undefined,
      "store": Object {
        "dispatch": [Function],
        "getState": [Function],
        "replaceReducer": [Function],
        "subscribe": [Function],
        Symbol(observable): [Function],
      },
      "unsubscribe": [Function],
    }
  }
/>
`;
