// Jest Snapshot v1, https://goo.gl/fbAQLP

exports[`<Input /> shallow rendering tests matches the snapshot 1`] = `
<div>
  <input
    name=""
    pattern={null}
    placeholder=""
    required={false}
    type=""
    value=""
  />
</div>
`;
